|    | branch   | host     | compiler_type   | compiler_version   | mpi_type   | mpi_version   | o_g   | os    | unit_pass   | unit_fail   | system_pass   | system_fail   | example_pass   | example_fail   |   nuopc_pass |   nuopc_fail | build_passed   |
|----|----------|----------|-----------------|--------------------|------------|---------------|-------|-------|-------------|-------------|---------------|---------------|----------------|----------------|--------------|--------------|----------------|
|  0 | main     | cheyenne | gfortran        | 10.1.0             | mpt        | 2.23          | O     | Linux | 8926        | 0           | 49            | 0             | 80             | 0              |           50 |            0 | True           |
|  1 | main     | cheyenne | gfortran        | 10.1.0             | mpt        | 2.23          | g     | Linux | 8926        | 0           | 49            | 0             | 80             | 0              |           50 |            0 | True           |
|  2 | main     | cheyenne | gfortran        | 10.1.0             | openmpi    | 4.0.5         | O     | Linux | 8926        | 0           | 49            | 0             | 80             | 0              |           50 |            0 | True           |
|  3 | main     | cheyenne | gfortran        | 10.1.0             | openmpi    | 4.0.5         | g     | Linux | 8926        | 0           | 49            | 0             | 80             | 0              |           50 |            0 | True           |
|  4 | main     | cheyenne | gfortran        | 7.4.0              | openmpi    | 4.0.3         | O     | Linux | 8926        | 0           | 49            | 0             | 80             | 0              |           50 |            0 | True           |
|  5 | main     | cheyenne | gfortran        | 7.4.0              | openmpi    | 4.0.3         | g     | Linux | 8926        | 0           | 49            | 0             | 80             | 0              |           50 |            0 | True           |
|  6 | main     | cheyenne | gfortran        | 9.1.0              | mpt        | 2.22          | O     | Linux | 8926        | 0           | 49            | 0             | 80             | 0              |           50 |            0 | True           |
|  7 | main     | cheyenne | gfortran        | 9.1.0              | mpt        | 2.22          | g     | Linux | 8926        | 0           | 49            | 0             | 80             | 0              |           50 |            0 | True           |
|  8 | main     | cheyenne | gfortran        | 9.1.0              | openmpi    | 4.0.5         | O     | Linux | 8926        | 0           | 49            | 0             | 80             | 0              |           50 |            0 | True           |
|  9 | main     | cheyenne | gfortran        | 9.1.0              | openmpi    | 4.0.5         | g     | Linux | 8926        | 0           | 49            | 0             | 80             | 0              |           50 |            0 | True           |
| 10 | main     | cheyenne | intel           | 18.0.5             | intelmpi   | 2018.4.274    | O     | Linux | 8926        | 0           | 49            | 0             | 80             | 0              |           50 |            0 | True           |
| 11 | main     | cheyenne | intel           | 18.0.5             | intelmpi   | 2018.4.274    | g     | Linux | 8926        | 0           | 49            | 0             | 80             | 0              |           50 |            0 | True           |
| 12 | main     | cheyenne | intel           | 18.0.5             | mpt        | 2.19          | O     | Linux | 8926        | 0           | 49            | 0             | 80             | 0              |           50 |            0 | True           |
| 13 | main     | cheyenne | intel           | 18.0.5             | mpt        | 2.19          | g     | Linux | 8926        | 0           | 49            | 0             | 80             | 0              |           50 |            0 | True           |
| 14 | main     | cheyenne | intel           | 18.0.5             | openmpi    | 3.1.4         | O     | Linux | 8926        | 0           | 49            | 0             | 80             | 0              |           50 |            0 | True           |
| 15 | main     | cheyenne | intel           | 18.0.5             | openmpi    | 3.1.4         | g     | Linux | 8926        | 0           | 49            | 0             | 80             | 0              |           50 |            0 | True           |
| 16 | main     | hera     | gfortran        | 9.2.0b             | intelmpi   | 2020          | O     | Linux | 8911        | 15          | 49            | 0             | 80             | 0              |           50 |            0 | True           |
| 17 | main     | hera     | gfortran        | 9.2.0b             | intelmpi   | 2020          | g     | Linux | 8910        | 16          | 49            | 0             | 80             | 0              |           50 |            0 | True           |
| 18 | main     | hera     | gfortran        | 9.2.0              | mpiuni     | None          | O     | Linux | 7418        | 0           | 8             | 0             | 43             | 0              |            0 |           50 | False          |
| 19 | main     | hera     | gfortran        | 9.2.0              | mpiuni     | None          | g     | Linux | 7418        | 0           | 8             | 0             | 43             | 0              |            0 |           50 | False          |
| 20 | main     | hera     | gfortran        | 9.2.0              | openmpi    | 3.1.4         | O     | Linux | 8926        | 0           | 49            | 0             | 80             | 0              |           50 |            0 | True           |
| 21 | main     | hera     | gfortran        | 9.2.0              | openmpi    | 3.1.4         | g     | Linux | 8926        | 0           | 49            | 0             | 80             | 0              |           50 |            0 | True           |
| 22 | main     | hera     | intel           | 18.0.4             | intelmpi   | 2018.4.274    | O     | Linux | 8926        | 0           | 49            | 0             | 80             | 0              |           50 |            0 | True           |
| 23 | main     | hera     | intel           | 18.0.4             | intelmpi   | 2018.4.274    | g     | Linux | 8926        | 0           | 49            | 0             | 80             | 0              |           50 |            0 | True           |
| 24 | main     | hera     | intel           | 18.0.4             | mpiuni     | None          | O     | Linux | 7418        | 0           | 8             | 0             | 43             | 0              |            0 |           50 | False          |
| 25 | main     | hera     | intel           | 18.0.4             | mpiuni     | None          | g     | Linux | 7418        | 0           | 8             | 0             | 43             | 0              |            0 |           50 | False          |
| 26 | main     | hera     | pgi             | 18.1               | intelmpi   | 2018.0.4      | O     | Linux | fail        | fail        | fail          | fail          | fail           | fail           |            0 |           50 | False          |
| 27 | main     | hera     | pgi             | 18.1               | intelmpi   | 2018.0.4      | g     | Linux | fail        | fail        | fail          | fail          | fail           | fail           |            0 |           50 | False          |