OS      HOST     compilier  version     mpi-type  mpi-ver       O/g  unit-pass  unit-fail  sys-pass  sys-fail  ex-pass   ex-fail  nuopc-p  nuopc-f
Linux   acorn    gfortran   10.3.0      mpich3    8.1.7         O    8926       0          49        0         80        0        50       0
Linux   acorn    gfortran   10.3.0      mpich3    8.1.7         g    8926       0          49        0         80        0        50       0
Linux   acorn    intel      2019.3      mpi       8.1.7         O    8926       0          49        0         80        0        50       0
Linux   acorn    intel      2019.3      mpi       8.1.7         g    8926       0          49        0         80        0        50       0
Darwin  catania  gfortran   10.2.0      mpich3    3.3.2-custom  O    8925       1          49        0         80        0        45       5
Darwin  catania  gfortran   9.3.0       mpich3    3.3.2-custom  O    8925       1          49        0         80        0        45       5
Darwin  catania  gfortran   9.3.0       mpiuni    none          O    7418       0          8         0         43        0        0        50
Darwin  catania  gfortran   9.3.0       openmpi   4.1.0         O    8778       148        41        8         80        0        45       5
Darwin  catania  intel      19.1.0.166  mpich3    3.4.1-custom  O    tests      not        tests     not       examples  0        0
